C:\Users\Shiju>git version
git version 2.28.0.windows.1

C:\Users\Shiju>git
usage: git [--version] [--help] [-C <path>] [-c <name>=<value>]
           [--exec-path[=<path>]] [--html-path] [--man-path] [--info-path]
           [-p | --paginate | -P | --no-pager] [--no-replace-objects] [--bare]
           [--git-dir=<path>] [--work-tree=<path>] [--namespace=<name>]
           <command> [<args>]

These are common Git commands used in various situations:

start a working area (see also: git help tutorial)
   clone             Clone a repository into a new directory
   init              Create an empty Git repository or reinitialize an existing one

work on the current change (see also: git help everyday)
   add               Add file contents to the index
   mv                Move or rename a file, a directory, or a symlink
   restore           Restore working tree files
   rm                Remove files from the working tree and from the index
   sparse-checkout   Initialize and modify the sparse-checkout

examine the history and state (see also: git help revisions)
   bisect            Use binary search to find the commit that introduced a bug
   diff              Show changes between commits, commit and working tree, etc
   grep              Print lines matching a pattern
   log               Show commit logs
   show              Show various types of objects
   status            Show the working tree status

grow, mark and tweak your common history
   branch            List, create, or delete branches
   commit            Record changes to the repository
   merge             Join two or more development histories together
   rebase            Reapply commits on top of another base tip
   reset             Reset current HEAD to the specified state
   switch            Switch branches
   tag               Create, list, delete or verify a tag object signed with GPG

collaborate (see also: git help workflows)
   fetch             Download objects and refs from another repository
   pull              Fetch from and integrate with another repository or a local branch
   push              Update remote refs along with associated objects

'git help -a' and 'git help -g' list available subcommands and some
concept guides. See 'git help <command>' or 'git help <concept>'
to read about a specific subcommand or concept.
See 'git help git' for an overview of the system.

C:\Users\Shiju>pwd
'pwd' is not recognized as an internal or external command,
operable program or batch file.

C:\Users\Shiju>ls
'ls' is not recognized as an internal or external command,
operable program or batch file.

C:\Users\Shiju>g:

G:\>dir
 Volume in drive G is New Volume
 Volume Serial Number is 647F-94B8

 Directory of G:\

24-11-2020  19:46    <DIR>          Ammachi
08-02-2018  07:07    <DIR>          Films
30-11-2020  12:34    <DIR>          Ichayan
25-10-2019  10:09           346,586 int.txt
26-07-2020  16:22           849,869 int_tests2607.txt
16-07-2019  00:09            20,954 Isabel-1.jpg
16-07-2019  00:15            18,572 Isabel-new.jpg
21-07-2019  17:42            74,090 Isabel-paint.jpg
15-07-2019  23:56           152,865 Isabel.jpg
08-12-2020  18:32    <DIR>          Kunjatta
09-08-2020  15:28    <DIR>          Kuttai
11-10-2018  10:02         4,236,609 pinglogfile.txt
05-06-2020  19:26           804,335 ping_internet.log
11-10-2018  19:54         1,949,820 ping_logfile11102018.txt
09-11-2018  23:33         2,130,825 ping_log_File_09112018.txt
16-07-2019  00:20            18,651 Shiju-new.jpg
15-07-2019  23:56           206,350 Shiju.jpg
02-05-2018  23:09    <DIR>          Softwares
02-12-2017  10:57    <DIR>          Songs -1
22-12-2019  10:52    <DIR>          songs-backup
23-12-2019  13:46    <DIR>          Songs-Dec 2019
16-07-2019  00:21            19,284 Sowmya-new.jpg
15-07-2019  23:56           176,359 Sowmya.jpg
21-10-2020  16:48    <DIR>          Vavachi
26-11-2017  23:55    <DIR>          WD - Harddisk - Backup
              14 File(s)     11,005,169 bytes
              11 Dir(s)  174,407,667,712 bytes free

G:\>cd Kunjatta

G:\Kunjatta>cd isaspace

G:\Kunjatta\isaspace>dir
 Volume in drive G is New Volume
 Volume Serial Number is 647F-94B8

 Directory of G:\Kunjatta\isaspace

08-12-2020  18:33    <DIR>          .
08-12-2020  18:33    <DIR>          ..
08-12-2020  18:33                64 index.html
08-12-2020  18:32                64 index.html.txt
               2 File(s)            128 bytes
               2 Dir(s)  174,407,667,712 bytes free

G:\Kunjatta\isaspace>git init
Initialized empty Git repository in G:/Kunjatta/isaspace/.git/

G:\Kunjatta\isaspace>git add -all
error: did you mean `--all` (with two dashes)?

G:\Kunjatta\isaspace>git add --all

G:\Kunjatta\isaspace>git commit -m "Begin"

*** Please tell me who you are.

Run

  git config --global user.email "you@example.com"
  git config --global user.name "Your Name"

to set your account's default identity.
Omit --global to set the identity only in this repository.

fatal: unable to auto-detect email address (got 'Shiju@DESKTOP-VBFQ4NH.(none)')

G:\Kunjatta\isaspace>git commit -m "Begin"

*** Please tell me who you are.

Run

  git config --global user.email "you@example.com"
  git config --global user.name "Your Name"

to set your account's default identity.
Omit --global to set the identity only in this repository.

fatal: unable to auto-detect email address (got 'Shiju@DESKTOP-VBFQ4NH.(none)')

G:\Kunjatta\isaspace>git config --global user.email "shijukurian@gmail.com"

G:\Kunjatta\isaspace>git commit -m "Begin"

*** Please tell me who you are.

Run

  git config --global user.email "you@example.com"
  git config --global user.name "Your Name"

to set your account's default identity.
Omit --global to set the identity only in this repository.

fatal: empty ident name (for <shijukurian@gmail.com>) not allowed

G:\Kunjatta\isaspace>git config --global user.name "shijukklm"

G:\Kunjatta\isaspace>git config --global user.email "shijukurian@gmail.com"

G:\Kunjatta\isaspace>git commit -m "Begin"
[master (root-commit) fd55208] Begin
 2 files changed, 10 insertions(+)
 create mode 100644 index.html
 create mode 100644 index.html.txt

G:\Kunjatta\isaspace>git remote add origin https://github.com/shijukklm/isaspace.git

G:\Kunjatta\isaspace>git push -u origin main
error: src refspec main does not match any
error: failed to push some refs to 'https://github.com/shijukklm/isaspace.git'

G:\Kunjatta\isaspace>git push -u origin master
Logon failed, use ctrl+c to cancel basic credential prompt.
Username for 'https://github.com': shijukklm
Password for 'https://shijukklm@github.com':
Enumerating objects: 3, done.
Counting objects: 100% (3/3), done.
Delta compression using up to 4 threads
Compressing objects: 100% (3/3), done.
Writing objects: 100% (3/3), 268 bytes | 67.00 KiB/s, done.
Total 3 (delta 0), reused 0 (delta 0), pack-reused 0
To https://github.com/shijukklm/isaspace.git
 * [new branch]      master -> master
Branch 'master' set up to track remote branch 'master' from 'origin'.

G:\Kunjatta\isaspace>dig isaspace.in +noall +answer
'dig' is not recognized as an internal or external command,
operable program or batch file.

G:\Kunjatta\isaspace>dig isaspace.in +noall +answer
'dig' is not recognized as an internal or external command,
operable program or batch file.

G:\Kunjatta\isaspace>dig
'dig' is not recognized as an internal or external command,
operable program or batch file.

G:\Kunjatta\isaspace>git push -u origin master
Logon failed, use ctrl+c to cancel basic credential prompt.
Username for 'https://github.com': shijukklm
Password for 'https://shijukklm@github.com':
To https://github.com/shijukklm/isaspace.git
 ! [rejected]        master -> master (fetch first)
error: failed to push some refs to 'https://github.com/shijukklm/isaspace.git'
hint: Updates were rejected because the remote contains work that you do
hint: not have locally. This is usually caused by another repository pushing
hint: to the same ref. You may want to first integrate the remote changes
hint: (e.g., 'git pull ...') before pushing again.
hint: See the 'Note about fast-forwards' in 'git push --help' for details.

G:\Kunjatta\isaspace>
